../Drivers/STM32G4xx_HAL_Driver/Inc/stm32g4xx_ll_usart.h:2997:26:LL_USART_IsActiveFlag_RXNE_RXFNE	16	static
../Drivers/STM32G4xx_HAL_Driver/Inc/stm32g4xx_ll_usart.h:4251:25:LL_USART_ReceiveData8	16	static
../Core/Src/stm32g4xx_it.c:100:6:NMI_Handler	4	static
../Core/Src/stm32g4xx_it.c:115:6:HardFault_Handler	4	static
../Core/Src/stm32g4xx_it.c:130:6:MemManage_Handler	4	static
../Core/Src/stm32g4xx_it.c:145:6:BusFault_Handler	4	static
../Core/Src/stm32g4xx_it.c:160:6:UsageFault_Handler	4	static
../Core/Src/stm32g4xx_it.c:175:6:SVC_Handler	4	static
../Core/Src/stm32g4xx_it.c:188:6:DebugMon_Handler	4	static
../Core/Src/stm32g4xx_it.c:201:6:PendSV_Handler	4	static
../Core/Src/stm32g4xx_it.c:214:6:SysTick_Handler	152	static
../Core/Src/stm32g4xx_it.c:334:6:DMA1_Channel1_IRQHandler	8	static
../Core/Src/stm32g4xx_it.c:348:6:ADC1_2_IRQHandler	8	static
../Core/Src/stm32g4xx_it.c:362:6:FDCAN1_IT0_IRQHandler	8	static
../Core/Src/stm32g4xx_it.c:376:6:FDCAN1_IT1_IRQHandler	8	static
../Core/Src/stm32g4xx_it.c:390:6:TIM2_IRQHandler	8	static
../Core/Src/stm32g4xx_it.c:404:6:USART1_IRQHandler	16	static
../Core/Src/stm32g4xx_it.c:449:6:I2C3_EV_IRQHandler	8	static
../Core/Src/stm32g4xx_it.c:471:6:HAL_FDCAN_RxFifo0Callback	16	static
../Core/Src/stm32g4xx_it.c:495:6:HAL_FDCAN_RxFifo1Callback	16	static
